// Jest Snapshot v1, https://goo.gl/fbAQLP

exports[`Pruebas en el <GifGrid /> debe de mostrarse correctamente 1`] = `
<Fragment>
  <h6
    className="animate__animated animate__fadeIn pb-2"
  >
    Results for: 
    One Punch
     
  </h6>
  <p
    className="animate__animated animate__flash"
  >
    Loading
  </p>
  <div
    className="card-grid row"
  />
</Fragment>
`;
