// Jest Snapshot v1, https://goo.gl/fbAQLP

exports[`Pruebas en <GifGridItem/> Debe mostrar el componente correctamente 1`] = `
<div
  className="col-md-4 col-lg-3 col-xl-2 pb-3"
>
  <div
    className="mycard card text-white bg-dark animate__animated animate__fadeIn shadow-sm rounded-3"
  >
    <img
      alt="My test title"
      className="card-img-top img-grid"
      src="myapp.alfredo.com"
    />
    <div
      className="card-body text-center"
    >
      <p
        className="card-title img-my-title text-capitalize text-truncate"
      >
        My test title
      </p>
      <a
        className="btn btn-success btn-sm"
        href="#"
      >
        Select
      </a>
    </div>
  </div>
</div>
`;
